Starting Idempotency Test...
Acquiring lock...
❌ Failed to lock seat. Status: 409
{ error: 'Seat is already booked' }
